// Jest Snapshot v1, https://goo.gl/fbAQLP

exports[`Dashboard should render correctly and match snapshot 1`] = `
<loader-stub
  class="p-6 bg-crisiscleanup-light-grey h-full overflow-auto"
>
  <div>
    <div
      class="flex"
    >
      <div
        class="w-1/4 m-4 p-6 shadow text-base bg-white"
      >
        <div>
          
            dashboard.my_claimed_cases (Texas Flooding, Oct 2018)
          
        </div>
         
        <div
          class="font-bold"
        >
          
            
          
        </div>
      </div>
       
      <div
        class="w-1/4 m-4 p-6 shadow text-base bg-white relative"
      >
        <div>
          
            dashboard.total_claimed (Texas Flooding, Oct 2018)
          
        </div>
         
        <div
          class="font-bold"
        >
          
            0 (NaN
            of Total)
          
        </div>
         
        <div
          class="bottom-0 left-0 absolute border-b-4 border-blue-600"
        />
      </div>
       
      <div
        class="w-1/4 m-4 p-6 shadow text-base bg-white relative"
      >
        <div>
          
            dashboard.in_progress (Texas Flooding, Oct 2018)
          
        </div>
         
        <div
          class="font-bold"
        >
          
            0 (NaN
            of Claimed)
          
        </div>
         
        <div
          class="bottom-0 left-0 absolute border-b-4 border-blue-600"
        />
      </div>
       
      <div
        class="w-1/4 m-4 p-6 shadow text-base bg-white relative"
      >
        <div>
          dashboard.closed (Texas Flooding, Oct 2018)
        </div>
         
        <div
          class="font-bold"
        >
          
            0 (NaN
            of Claimed)
          
        </div>
         
        <div
          class="bottom-0 left-0 absolute border-b-4 border-green-600"
        />
      </div>
    </div>
     
    <div
      class="flex"
    >
      <div
        class="w-3/5 m-4 pt-2 shadow bg-white flex-shrink"
      >
        <div
          class="py-4 px-4 text-gray-500 border-b"
        >
          
            dashboard.my_cases
          
        </div>
         
        <div
          class="p-4"
        >
          <div
            class="table w-full"
          >
            <div
              class="header text-crisiscleanup-grey-700 bg-white"
              style="display: grid; grid-template-columns: 0.5fr 2fr 1fr 1fr 1fr 1fr;"
            >
              <!---->
               
              <div
                class="p-2 border-b flex items-center cursor-pointer"
              >
                
      dashboard.no
      
                <div>
                  <ccu-icon-stub
                    alt="actions.sortable"
                    size="small"
                    type="updown"
                  />
                </div>
              </div>
              <div
                class="p-2 border-b flex items-center cursor-pointer"
              >
                
      dashboard.work_type
      
                <!---->
              </div>
              <div
                class="p-2 border-b flex items-center cursor-pointer"
              >
                
      dashboard.name
      
                <div>
                  <ccu-icon-stub
                    alt="actions.sortable"
                    size="small"
                    type="updown"
                  />
                </div>
              </div>
              <div
                class="p-2 border-b flex items-center cursor-pointer"
              >
                
      dashboard.full_address
      
                <!---->
              </div>
              <div
                class="p-2 border-b flex items-center cursor-pointer"
              >
                
      dashboard.phone
      
                <!---->
              </div>
              <div
                class="p-2 border-b flex items-center cursor-pointer"
              >
                
      
      
                <!---->
              </div>
            </div>
             
            <div
              class="body bg-white relative"
              style="max-height: 600px; overflow: auto; height: 300px;"
            >
              <!---->
               
              <div
                class="hover:bg-crisiscleanup-light-grey"
                style="display: grid; grid-template-columns: 0.5fr 2fr 1fr 1fr 1fr 1fr;"
              >
                <!---->
                 
                <div
                  class="flex items-center p-2 border-b cursor-pointer"
                >
                  <!---->
                </div>
                <div
                  class="flex items-center p-2 border-b cursor-pointer"
                >
                  <div
                    class="flex flex-wrap w-full"
                  />
                </div>
                <div
                  class="flex items-center p-2 border-b cursor-pointer"
                >
                  <!---->
                </div>
                <div
                  class="flex items-center p-2 border-b cursor-pointer"
                >
                  <!---->
                </div>
                <div
                  class="flex items-center p-2 border-b cursor-pointer"
                >
                  <!---->
                </div>
                <div
                  class="flex items-center p-2 border-b cursor-pointer"
                >
                  <div
                    class="flex"
                  >
                    <router-link-stub
                      tag="div"
                      to="/incident/99/cases/undefined/edit?showOnMap=true"
                    >
                      <ccu-icon-stub
                        alt="actions.jump_to_case"
                        class="p-1 py-2 w-8"
                        size="medium"
                        type="go-case"
                      />
                    </router-link-stub>
                     
                    <ccu-icon-stub
                      alt="actions.print"
                      class="p-1 py-2 w-8"
                      size="medium"
                      type="print"
                    />
                  </div>
                </div>
              </div>
              <div
                class="hover:bg-crisiscleanup-light-grey"
                style="display: grid; grid-template-columns: 0.5fr 2fr 1fr 1fr 1fr 1fr;"
              >
                <!---->
                 
                <div
                  class="flex items-center p-2 border-b cursor-pointer"
                >
                  <!---->
                </div>
                <div
                  class="flex items-center p-2 border-b cursor-pointer"
                >
                  <div
                    class="flex flex-wrap w-full"
                  />
                </div>
                <div
                  class="flex items-center p-2 border-b cursor-pointer"
                >
                  <!---->
                </div>
                <div
                  class="flex items-center p-2 border-b cursor-pointer"
                >
                  <!---->
                </div>
                <div
                  class="flex items-center p-2 border-b cursor-pointer"
                >
                  <!---->
                </div>
                <div
                  class="flex items-center p-2 border-b cursor-pointer"
                >
                  <div
                    class="flex"
                  >
                    <router-link-stub
                      tag="div"
                      to="/incident/99/cases/undefined/edit?showOnMap=true"
                    >
                      <ccu-icon-stub
                        alt="actions.jump_to_case"
                        class="p-1 py-2 w-8"
                        size="medium"
                        type="go-case"
                      />
                    </router-link-stub>
                     
                    <ccu-icon-stub
                      alt="actions.print"
                      class="p-1 py-2 w-8"
                      size="medium"
                      type="print"
                    />
                  </div>
                </div>
              </div>
              <div
                class="hover:bg-crisiscleanup-light-grey"
                style="display: grid; grid-template-columns: 0.5fr 2fr 1fr 1fr 1fr 1fr;"
              >
                <!---->
                 
                <div
                  class="flex items-center p-2 border-b cursor-pointer"
                >
                  <!---->
                </div>
                <div
                  class="flex items-center p-2 border-b cursor-pointer"
                >
                  <div
                    class="flex flex-wrap w-full"
                  />
                </div>
                <div
                  class="flex items-center p-2 border-b cursor-pointer"
                >
                  <!---->
                </div>
                <div
                  class="flex items-center p-2 border-b cursor-pointer"
                >
                  <!---->
                </div>
                <div
                  class="flex items-center p-2 border-b cursor-pointer"
                >
                  <!---->
                </div>
                <div
                  class="flex items-center p-2 border-b cursor-pointer"
                >
                  <div
                    class="flex"
                  >
                    <router-link-stub
                      tag="div"
                      to="/incident/99/cases/undefined/edit?showOnMap=true"
                    >
                      <ccu-icon-stub
                        alt="actions.jump_to_case"
                        class="p-1 py-2 w-8"
                        size="medium"
                        type="go-case"
                      />
                    </router-link-stub>
                     
                    <ccu-icon-stub
                      alt="actions.print"
                      class="p-1 py-2 w-8"
                      size="medium"
                      type="print"
                    />
                  </div>
                </div>
              </div>
              <div
                class="hover:bg-crisiscleanup-light-grey"
                style="display: grid; grid-template-columns: 0.5fr 2fr 1fr 1fr 1fr 1fr;"
              >
                <!---->
                 
                <div
                  class="flex items-center p-2 border-b cursor-pointer"
                >
                  <!---->
                </div>
                <div
                  class="flex items-center p-2 border-b cursor-pointer"
                >
                  <div
                    class="flex flex-wrap w-full"
                  />
                </div>
                <div
                  class="flex items-center p-2 border-b cursor-pointer"
                >
                  <!---->
                </div>
                <div
                  class="flex items-center p-2 border-b cursor-pointer"
                >
                  <!---->
                </div>
                <div
                  class="flex items-center p-2 border-b cursor-pointer"
                >
                  <!---->
                </div>
                <div
                  class="flex items-center p-2 border-b cursor-pointer"
                >
                  <div
                    class="flex"
                  >
                    <router-link-stub
                      tag="div"
                      to="/incident/99/cases/undefined/edit?showOnMap=true"
                    >
                      <ccu-icon-stub
                        alt="actions.jump_to_case"
                        class="p-1 py-2 w-8"
                        size="medium"
                        type="go-case"
                      />
                    </router-link-stub>
                     
                    <ccu-icon-stub
                      alt="actions.print"
                      class="p-1 py-2 w-8"
                      size="medium"
                      type="print"
                    />
                  </div>
                </div>
              </div>
              <div
                class="hover:bg-crisiscleanup-light-grey"
                style="display: grid; grid-template-columns: 0.5fr 2fr 1fr 1fr 1fr 1fr;"
              >
                <!---->
                 
                <div
                  class="flex items-center p-2 border-b cursor-pointer"
                >
                  <!---->
                </div>
                <div
                  class="flex items-center p-2 border-b cursor-pointer"
                >
                  <div
                    class="flex flex-wrap w-full"
                  />
                </div>
                <div
                  class="flex items-center p-2 border-b cursor-pointer"
                >
                  <!---->
                </div>
                <div
                  class="flex items-center p-2 border-b cursor-pointer"
                >
                  <!---->
                </div>
                <div
                  class="flex items-center p-2 border-b cursor-pointer"
                >
                  <!---->
                </div>
                <div
                  class="flex items-center p-2 border-b cursor-pointer"
                >
                  <div
                    class="flex"
                  >
                    <router-link-stub
                      tag="div"
                      to="/incident/99/cases/undefined/edit?showOnMap=true"
                    >
                      <ccu-icon-stub
                        alt="actions.jump_to_case"
                        class="p-1 py-2 w-8"
                        size="medium"
                        type="go-case"
                      />
                    </router-link-stub>
                     
                    <ccu-icon-stub
                      alt="actions.print"
                      class="p-1 py-2 w-8"
                      size="medium"
                      type="print"
                    />
                  </div>
                </div>
              </div>
              <div
                class="hover:bg-crisiscleanup-light-grey"
                style="display: grid; grid-template-columns: 0.5fr 2fr 1fr 1fr 1fr 1fr;"
              >
                <!---->
                 
                <div
                  class="flex items-center p-2 border-b cursor-pointer"
                >
                  <!---->
                </div>
                <div
                  class="flex items-center p-2 border-b cursor-pointer"
                >
                  <div
                    class="flex flex-wrap w-full"
                  />
                </div>
                <div
                  class="flex items-center p-2 border-b cursor-pointer"
                >
                  <!---->
                </div>
                <div
                  class="flex items-center p-2 border-b cursor-pointer"
                >
                  <!---->
                </div>
                <div
                  class="flex items-center p-2 border-b cursor-pointer"
                >
                  <!---->
                </div>
                <div
                  class="flex items-center p-2 border-b cursor-pointer"
                >
                  <div
                    class="flex"
                  >
                    <router-link-stub
                      tag="div"
                      to="/incident/99/cases/undefined/edit?showOnMap=true"
                    >
                      <ccu-icon-stub
                        alt="actions.jump_to_case"
                        class="p-1 py-2 w-8"
                        size="medium"
                        type="go-case"
                      />
                    </router-link-stub>
                     
                    <ccu-icon-stub
                      alt="actions.print"
                      class="p-1 py-2 w-8"
                      size="medium"
                      type="print"
                    />
                  </div>
                </div>
              </div>
               
              <div
                class="p-2 text-crisiscleanup-grey-700 italic"
              >
                
      No Items found
    
              </div>
            </div>
             
            <!---->
          </div>
        </div>
      </div>
       
      <div
        class="w-2/5 m-4 p-6 shadow bg-white"
      >
        <div
          class="flex flex-col items-center justify-around"
        >
          <div
            class="text-center text-2xl w-2/3 my-3"
          >
            
              dashboard.invite_teammates
            
          </div>
           
          <div
            class="text-justify w-5/6 my-3"
          >
            <div
              class="my-3"
            >
              
                inviteTeammates.invite_teammates_instructions
              
            </div>
             
            <base-input-stub
              class="flex-grow my-3"
              placeholder="Emails"
              size="large"
              value=""
            />
          </div>
           
          <base-button-stub
            action="function () { [native code] }"
            size="large"
            text="inviteTeammates.send_invites"
            variant="solid"
          />
        </div>
      </div>
    </div>
     
    <div
      class="flex"
    >
      <div
        class="w-full m-4 pt-2 shadow bg-white flex-shrink"
      >
        <div
          class="py-4 px-4 text-gray-500 border-b"
        >
          
            dashboard.pending_cases
          
        </div>
         
        <div
          class="py-4 px-4 border-b flex items-center"
        >
          <base-button-stub
            class="mr-2 border-r pr-2 text-primary-dark"
            size="medium"
            text="Inbound Requests"
            variant="text"
          />
           
          <base-button-stub
            class="mr-2 border-r pr-2"
            size="medium"
            text="Outbound Requests"
            variant="text"
          />
           
          <base-button-stub
            class="mr-2"
            size="medium"
            text="Archived Requests"
            variant="text"
          />
        </div>
         
        <div
          class="p-4"
        >
          <div
            class="table w-full"
          >
            <div
              class="header text-crisiscleanup-grey-700 bg-white"
              style="display: grid; grid-template-columns: 80px 10% 0.5fr 1fr 1fr 1fr 1fr;"
            >
              <!---->
               
              <div
                class="p-2 border-b flex items-center cursor-pointer"
              >
                
      dashboard.no
      
                <div>
                  <ccu-icon-stub
                    alt="actions.sortable"
                    size="small"
                    type="updown"
                  />
                </div>
              </div>
              <div
                class="p-2 border-b flex items-center cursor-pointer"
              >
                
      dashboard.work_type
      
                <!---->
              </div>
              <div
                class="p-2 border-b flex items-center cursor-pointer"
              >
                
      dashboard.status
      
                <!---->
              </div>
              <div
                class="p-2 border-b flex items-center cursor-pointer"
              >
                
      dashboard.org_label
      
                <!---->
              </div>
              <div
                class="p-2 border-b flex items-center cursor-pointer"
              >
                
      dashboard.last_action
      
                <!---->
              </div>
              <div
                class="p-2 border-b flex items-center cursor-pointer"
              >
                
      dashboard.next_action
      
                <!---->
              </div>
              <div
                class="p-2 border-b flex items-center cursor-pointer"
              >
                
      
      
                <!---->
              </div>
            </div>
             
            <div
              class="body bg-white relative"
              style="max-height: 600px; overflow: auto; height: 300px;"
            >
              <!---->
                
              <div
                class="p-2 text-crisiscleanup-grey-700 italic"
              >
                
      No Items found
    
              </div>
            </div>
             
            <!---->
          </div>
        </div>
      </div>
    </div>
     
    <div
      class="flex"
    >
      <div
        class="w-full m-4 pt-2 shadow bg-white flex-shrink"
      >
        <div
          class="py-4 px-4 text-gray-500 border-b"
        >
          
            dashboard.worksite_completion
          
        </div>
         
        <div
          class="p-4"
        >
          <div
            class="small"
          >
            <line-chart-stub
              options="[object Object]"
            />
          </div>
        </div>
      </div>
    </div>
  </div>
</loader-stub>
`;
