// Vitest Snapshot v1

exports[`BaseButton > should render correctly and match snapshot 1`] = `
<button
  alt="alt-text"
  class="primary flex items-center justify-center base-button js-button"
  data-cy="js-button"
  data-v-2d3a2488=""
  data-v-inspector-column="3"
  data-v-inspector-file="/Users/tobi/code/crisiscleanup-4-web/src/components/BaseButton.vue"
  data-v-inspector-line="2"
  data-v-inspector-title="BaseButton.vue"
  size=""
  title="button"
  type="submit"
>
  <!--v-if-->
  <font-awesome-icon
    class="m-1"
    data-v-2d3a2488=""
    icon="dashboard"
    size=""
  />
  <!--v-if-->
  
  button
  
  <font-awesome-icon
    class="m-1"
    data-v-2d3a2488=""
    icon="dashboard"
  />
</button>
`;
