// Vitest Snapshot v1, https://vitest.dev/guide/snapshot.html

exports[`BaseButton > should render correctly and match snapshot 1`] = `
<button
  alt="alt-text"
  class="primary flex items-center justify-center base-button js-button"
  data-testid="js-button"
  data-v-2d3a2488=""
  size=""
  title="button"
  type="submit"
>
  <!--v-if-->
  <font-awesome-icon
    class="m-1"
    data-v-2d3a2488=""
    icon="dashboard"
    size=""
  />
  <!--v-if-->
  
  button
  
  <font-awesome-icon
    class="m-1"
    data-v-2d3a2488=""
    icon="dashboard"
  />
</button>
`;
