// Jest Snapshot v1, https://goo.gl/fbAQLP

exports[`InviteUsers should match snapshot 1`] = `
<div>
  <base-button-stub
    action="function () {
        /* istanbul ignore next */
        cov_2ohn4qljyu.f[7]++;
        cov_2ohn4qljyu.s[51]++;
        _vm.showInviteModal = true;
      }"
    alt="usersVue.invite_new_user"
    class="px-3 py-1"
    text="usersVue.invite_new_user"
    variant="solid"
  />
   
  <modal-stub
    closeable=""
    modal-classes="bg-white max-w-2xl shadow"
    title="usersVue.invite_user"
  >
    <div
      class="text-justify flex flex-col p-3 justify-center"
    >
      <div
        class="my-3"
      >
        
        inviteTeammates.invite_teammates_instructions
      
      </div>
       
      <div>
        <tag-input-stub
          add-on-key="13,32,,"
          placeholder="usersVue.emails"
          separators=";,,,, "
          tags=""
          validation="[object Object]"
          value=""
        />
      </div>
       
      <!---->
    </div>
     
    <div
      class="p-3 flex justify-end"
    >
      <base-button-stub
        action="function () {
        /* istanbul ignore next */
        cov_2ohn4qljyu.f[13]++;
        cov_2ohn4qljyu.s[58]++;
        _vm.showInviteModal = false;
      }"
        alt="actions.cancel"
        class="ml-2 p-3 px-6 mr-1 text-xs border border-black"
        text="actions.cancel"
      />
       
      <base-button-stub
        action="function () {
        /* istanbul ignore next */
        cov_2ohn4qljyu.f[14]++;
        cov_2ohn4qljyu.s[59]++;
        return _vm.inviteUsers();
      }"
        alt="actions.submit_invites"
        class="ml-2 p-3 px-6 text-xs"
        text="actions.submit_invites"
        variant="solid"
      />
    </div>
  </modal-stub>
</div>
`;
