// Jest Snapshot v1, https://goo.gl/fbAQLP

exports[`metric actions getAgentMetrics 1`] = `
Array [
  Array [
    "setControllerState",
    Object {
      "history": Object {
        "resolvedCases": Array [],
      },
    },
  ],
  Array [
    "setControllerState",
    Object {
      "history": Object {
        "resolvedCases": Array [
          1,
          2,
        ],
      },
    },
  ],
  Array [
    "setAgentMetrics",
    Object {
      "xxxx": Object {
        "agent": "xxxx",
        "currentState": "routable",
        "enteredTimestamp": 1577772000000,
        "recent_contacts": Array [],
        "state": "routable",
        "total_abandons": 0,
        "total_calls": 6,
        "total_inbound": 3,
        "total_outbound": 3,
        "total_rejects": 0,
        "user": Object {
          "first_name": "First",
          "id": 1,
          "last_name": "Last",
          "organization": Object {
            "id": 1,
            "name": "Test Organization",
          },
        },
      },
      "yyyy": Object {
        "agent": "yyyy",
        "currentState": "routable",
        "enteredTimestamp": 1577772000000,
        "recent_contacts": Array [
          Object {
            "caller_name": "Adam Smith",
            "cases": Array [
              Object {
                "case_number": "A196",
                "id": 1,
                "location": Object {
                  "coordinates": Array [
                    -82.0535959749408,
                    29.8670584991275,
                  ],
                  "type": "Point",
                },
                "name": "First Last",
                "updated_at": "2019-12-25T18:25:21.467128Z",
                "work_types": Array [
                  Object {
                    "claimed_by": null,
                    "status": "closed_incomplete",
                    "work_type": "flood_indoor",
                  },
                  Object {
                    "claimed_by": null,
                    "status": "closed_incomplete",
                    "work_type": "pda_1",
                  },
                ],
              },
              Object {
                "case_number": "A196",
                "id": 1,
                "location": Object {
                  "coordinates": Array [
                    -82.0535959749408,
                    29.8670584991275,
                  ],
                  "type": "Point",
                },
                "name": "First Last",
                "updated_at": "2019-12-25T18:25:21.467128Z",
                "work_types": Array [
                  Object {
                    "claimed_by": null,
                    "status": "closed_incomplete",
                    "work_type": "flood_indoor",
                  },
                  Object {
                    "claimed_by": null,
                    "status": "closed_incomplete",
                    "work_type": "pda_1",
                  },
                ],
              },
            ],
            "completed_at": "2019-12-31T06:00:00.000Z",
            "dnis": 0,
            "notes": "metric note",
            "phone_number": "+11234567890",
            "status": 1,
          },
        ],
        "state": "routable",
        "total_abandons": 0,
        "total_calls": 6,
        "total_inbound": 3,
        "total_outbound": 3,
        "total_rejects": 0,
        "user": Object {
          "first_name": "Test",
          "id": 2,
          "last_name": "Last",
          "organization": Object {
            "id": 1,
            "name": "Test Organization",
          },
        },
      },
    },
  ],
]
`;

exports[`metric actions getRealtimeMetrics 1`] = `
[MockFunction] {
  "calls": Array [
    Array [
      "setMetrics",
      Object {
        "agentsAvailable": 1,
        "agentsNeeded": 0,
        "agentsOnCall": 1,
        "agentsOnline": 1,
        "contactsInQueue": 2,
        "contactsInQueueOutbound": 0,
        "totalWaiting": 2,
      },
    ],
    Array [
      "setMetrics",
      Object {
        "agentsAvailable": 1,
        "agentsNeeded": 0,
        "agentsOnCall": 1,
        "agentsOnline": 1,
        "contactsInQueue": 12,
        "contactsInQueueOutbound": 0,
        "totalWaiting": 12,
      },
    ],
    Array [
      "setMetrics",
      Object {
        "agentsAvailable": 0,
        "agentsNeeded": 3,
        "agentsOnCall": 1,
        "agentsOnline": 0,
        "contactsInQueue": 35,
        "contactsInQueueOutbound": 0,
        "totalWaiting": 35,
      },
    ],
    Array [
      "setMetrics",
      Object {
        "agentsAvailable": 1,
        "agentsNeeded": 2,
        "agentsOnCall": 1,
        "agentsOnline": 1,
        "contactsInQueue": 35,
        "contactsInQueueOutbound": 0,
        "totalWaiting": 35,
      },
    ],
    Array [
      "setMetrics",
      Object {
        "agentsAvailable": 1,
        "agentsNeeded": 0,
        "agentsOnCall": 1,
        "agentsOnline": 1,
        "contactsInQueue": 0,
        "contactsInQueueOutbound": 0,
        "totalWaiting": 0,
      },
    ],
  ],
  "results": Array [
    Object {
      "type": "return",
      "value": undefined,
    },
    Object {
      "type": "return",
      "value": undefined,
    },
    Object {
      "type": "return",
      "value": undefined,
    },
    Object {
      "type": "return",
      "value": undefined,
    },
    Object {
      "type": "return",
      "value": undefined,
    },
  ],
}
`;
