// Jest Snapshot v1, https://goo.gl/fbAQLP

exports[`BaseIcon should render correctly and match snapshot 1`] = `
<base-button
  alt=""
  ccu-event=""
  class="flex items-center base-icon js-  "
  title=""
>
  <img
    alt=""
    class="ccu-icon cursor-pointer small"
    src="IMAGE_MOCK"
  />
   
</base-button>
`;
