// Jest Snapshot v1, https://goo.gl/fbAQLP

exports[`BaseButton should render correctly and match snapshot 1`] = `
<button
  alt="alt-text"
  class="primary flex items-center justify-center js-btntitle"
  data-cy="js-btntitle"
  size=""
  title="btntitle"
  type="submit"
>
  <!---->
   
  <font-awesome-icon-stub
    class="mx-1"
    icon="dashboard"
    size="sm"
  />
   
  <!---->
   button 
  <font-awesome-icon-stub
    class="mx-1"
    icon="dashboard"
  />
</button>
`;
