// Jest Snapshot v1, https://goo.gl/fbAQLP

exports[`BaseButton should render correctly and match snapshot 1`] = `
<button
  alt="alt-text"
  class="flex items-center justify-center base-button undefined js-button"
  data-cy="js-button"
  title="button"
  type="primary"
>
  <!---->
   
  <font-awesome-icon-stub
    class="m-1"
    icon="dashboard"
    size="sm"
  />
   
  <!---->
   button 
  <font-awesome-icon-stub
    class="m-1"
    icon="dashboard"
  />
</button>
`;
