// Jest Snapshot v1, https://goo.gl/fbAQLP

exports[`DragDrop should render correctly and match snapshot 1`] = `
<div
  class="flex items-center justify-center"
>
  <form
    class="w-full h-full"
  >
    <div
      class="relative w-full h-full flex flex-col items-center justify-center"
    >
      <div
        class="p-2 text-crisiscleanup-grey-700"
      >
        
      </div>
       
      <div>
        or
      </div>
       
      <div
        class="p-2 underline text-primary-dark"
      >
        
      </div>
       
      <input
        class="file-input"
        multiple="multiple"
        type="file"
      />
    </div>
  </form>
</div>
`;
