// Jest Snapshot v1, https://goo.gl/fbAQLP

exports[`DragDrop should render correctly and match snapshot 1`] = `
<div
  class="flex flex-col items-center justify-center"
  id="file-drag-drop"
>
  <form
    class="flex flex-col items-center justify-center"
  >
    <div
      class="file-drop-area"
    >
      <span
        class="fake-btn"
      >
        dragDrop.choose_files
      </span>
       
      <span
        class="file-msg"
      >
        dragDrop.or_drag_drop
      </span>
       
      <input
        class="file-input"
        multiple="multiple"
        type="file"
      />
    </div>
  </form>
</div>
`;
