// Jest Snapshot v1, https://goo.gl/fbAQLP

exports[`FormSelect should match snapshot with props 1`] = `
<div
  class="v-select form-select text-base vs--single vs--searchable"
  dir="auto"
>
  <div
    class="vs__dropdown-toggle"
  >
    <div
      class="vs__selected-options"
    >
       
      <input
        aria-label="Search for option"
        autocomplete="off"
        class="vs__search"
        placeholder="Some Value"
        role="combobox"
        type="search"
      />
    </div>
     
    <div
      class="vs__actions"
    >
      <button
        class="vs__clear"
        style="display: none;"
        title="Clear selection"
        type="button"
      >
        <div
          class="flex items-center base-icon js-actions-cancel   mx-1 opacity-50"
        >
          <img
            alt="actions.cancel"
            class="ccu-icon cursor-pointer medium"
            src="IMAGE_MOCK"
            title="actions.cancel"
          />
           
        </div>
      </button>
       
      <svg
        aria-hidden="true"
        class="svg-inline--fa fa-sort fa-w-10 fa-sm mx-1 text-crisiscleanup-dark-400 vs__open-indicator"
        data-icon="sort"
        data-prefix="fas"
        focusable="false"
        role="presentation"
        viewBox="0 0 320 512"
        xmlns="http://www.w3.org/2000/svg"
      >
        <path
          class=""
          d="M41 288h238c21.4 0 32.1 25.9 17 41L177 448c-9.4 9.4-24.6 9.4-33.9 0L24 329c-15.1-15.1-4.4-41 17-41zm255-105L177 64c-9.4-9.4-24.6-9.4-33.9 0L24 183c-15.1 15.1-4.4 41 17 41h238c21.4 0 32.1-25.9 17-41z"
          fill="currentColor"
        />
      </svg>
       
      <div
        class="vs__spinner"
        style="display: none;"
      >
        Loading...
      </div>
    </div>
  </div>
   
  <!---->
</div>
`;

exports[`FormSelect should render correctly and match snapshot 1`] = `
<div
  class="v-select form-select text-base vs--single vs--searchable"
  dir="auto"
>
  <div
    class="vs__dropdown-toggle"
  >
    <div
      class="vs__selected-options"
    >
       
      <input
        aria-label="Search for option"
        autocomplete="off"
        class="vs__search"
        placeholder="Some Value"
        role="combobox"
        type="search"
      />
    </div>
     
    <div
      class="vs__actions"
    >
      <button
        class="vs__clear"
        style="display: none;"
        title="Clear selection"
        type="button"
      >
        <div
          class="flex items-center base-icon js-actions-cancel   mx-1 opacity-50"
        >
          <img
            alt="actions.cancel"
            class="ccu-icon cursor-pointer medium"
            src="IMAGE_MOCK"
            title="actions.cancel"
          />
           
        </div>
      </button>
       
      <svg
        aria-hidden="true"
        class="svg-inline--fa fa-sort fa-w-10 fa-sm mx-1 text-crisiscleanup-dark-400 vs__open-indicator"
        data-icon="sort"
        data-prefix="fas"
        focusable="false"
        role="presentation"
        viewBox="0 0 320 512"
        xmlns="http://www.w3.org/2000/svg"
      >
        <path
          class=""
          d="M41 288h238c21.4 0 32.1 25.9 17 41L177 448c-9.4 9.4-24.6 9.4-33.9 0L24 329c-15.1-15.1-4.4-41 17-41zm255-105L177 64c-9.4-9.4-24.6-9.4-33.9 0L24 183c-15.1 15.1-4.4 41 17 41h238c21.4 0 32.1-25.9 17-41z"
          fill="currentColor"
        />
      </svg>
       
      <div
        class="vs__spinner"
        style="display: none;"
      >
        Loading...
      </div>
    </div>
  </div>
   
  <!---->
</div>
`;
