// Jest Snapshot v1, https://goo.gl/fbAQLP

exports[`Table should handle page change 1`] = `
Object {
  "current": 1,
  "page": 1,
  "pageSize": 5,
}
`;

exports[`Table should handle page change 2`] = `
Object {
  "current": 1,
  "page": 1,
  "pageSize": 5,
}
`;

exports[`Table should handle page change 3`] = `
Object {
  "current": 1,
  "page": 1,
  "pageSize": 5,
}
`;

exports[`Table should handle page size change 1`] = `
Object {
  "current": 1,
  "page": 1,
  "pageSize": 5,
}
`;

exports[`Table should handle page size change 2`] = `
Object {
  "current": 1,
  "page": 1,
  "pageSize": 5,
}
`;

exports[`Table should handle sort correctly from cold 1`] = `
Object {
  "current": 1,
  "page": 1,
  "pageSize": 5,
}
`;

exports[`Table should handle sort correctly with existing sort 1`] = `
Object {
  "current": 1,
  "page": 1,
  "pageSize": 5,
}
`;

exports[`Table should render correctly and match snapshot 1`] = `
<div
  class="table w-full"
>
  <div
    class="header text-crisiscleanup-grey-700 bg-white"
    style="display: grid; grid-template-columns: 0.5fr 1.5fr;"
  >
    <!---->
     
    <div
      class="p-2 border-b flex items-center cursor-pointer"
    >
      
      One
      
      <!---->
    </div>
    <div
      class="p-2 border-b flex items-center cursor-pointer"
    >
      
      Two
      
      <!---->
    </div>
  </div>
   
  <div
    class="body bg-white relative"
    style="max-height: 600px; overflow: auto;"
  >
    <!---->
     
    <div
      class="hover:bg-crisiscleanup-light-grey"
      style="display: grid; grid-template-columns: 0.5fr 1.5fr;"
    >
      <!---->
       
      <div
        class="flex items-center p-2 border-b cursor-pointer"
      >
        <!---->
      </div>
      <div
        class="flex items-center p-2 border-b cursor-pointer"
      >
        <!---->
      </div>
    </div>
    <div
      class="hover:bg-crisiscleanup-light-grey"
      style="display: grid; grid-template-columns: 0.5fr 1.5fr;"
    >
      <!---->
       
      <div
        class="flex items-center p-2 border-b cursor-pointer"
      >
        <!---->
      </div>
      <div
        class="flex items-center p-2 border-b cursor-pointer"
      >
        <!---->
      </div>
    </div>
     
    <!---->
  </div>
   
  <!---->
</div>
`;

exports[`Table should render correctly with selection and pagination 1`] = `
<div
  class="table w-full"
>
  <div
    class="header text-crisiscleanup-grey-700 bg-white"
    style="display: grid; grid-template-columns: 35px 0.5fr 1.5fr;"
  >
    <div
      class="flex items-center p-2 border-b"
    >
      <label
        class="checkbox-container mb-5"
      >
         
        <input
          class="checkmark-input"
          type="checkbox"
        />
         
        <span
          class="checkmark"
        />
      </label>
    </div>
     
    <div
      class="p-2 border-b flex items-center cursor-pointer"
    >
      
      One
      
      <!---->
    </div>
    <div
      class="p-2 border-b flex items-center cursor-pointer"
    >
      
      Two
      
      <!---->
    </div>
  </div>
   
  <div
    class="body bg-white relative"
    style="max-height: 600px; overflow: auto;"
  >
    <!---->
     
    <div
      class="hover:bg-crisiscleanup-light-grey"
      style="display: grid; grid-template-columns: 35px 0.5fr 1.5fr;"
    >
      <div
        class="flex items-center p-2 border-b"
      >
        <label
          class="checkbox-container mb-5"
          data-cy="tableview_actionSelect"
        >
           
          <input
            class="checkmark-input"
            type="checkbox"
          />
           
          <span
            class="checkmark"
          />
        </label>
      </div>
       
      <div
        class="flex items-center p-2 border-b cursor-pointer"
      >
        <!---->
      </div>
      <div
        class="flex items-center p-2 border-b cursor-pointer"
      >
        <!---->
      </div>
    </div>
    <div
      class="hover:bg-crisiscleanup-light-grey"
      style="display: grid; grid-template-columns: 35px 0.5fr 1.5fr;"
    >
      <div
        class="flex items-center p-2 border-b"
      >
        <label
          class="checkbox-container mb-5"
          data-cy="tableview_actionSelect"
        >
           
          <input
            class="checkmark-input"
            type="checkbox"
          />
           
          <span
            class="checkmark"
          />
        </label>
      </div>
       
      <div
        class="flex items-center p-2 border-b cursor-pointer"
      >
        <!---->
      </div>
      <div
        class="flex items-center p-2 border-b cursor-pointer"
      >
        <!---->
      </div>
    </div>
     
    <!---->
  </div>
   
  <div
    class="footer flex items-center justify-between p-4"
  >
    <div
      class="flex items-center"
    >
      <span
        class="mr-2"
      >
        tableVue.per_page
      </span>
       
      <input
        options="5,10,20,100,500,1000"
        select-classes="w-24 bg-white border vue-select-up"
        type="select"
      />
    </div>
     
    <div>
      <div
        class="flex items-center"
      >
        <button
          action="function () {
        /* istanbul ignore next */
        cov_19khyyxiw1.f[40]++;
        cov_19khyyxiw1.s[120]++;

        _vm.pageChangeHandle('previous');
      }"
          class="mr-3 text-base"
          icon="caret-left"
          text="$t('tableVue.prev')"
        />
         
        <div>
          <span
            class="cursor-pointer mx-4 text-base"
          >
            1
          </span>
          <span
            class="cursor-pointer mx-4 text-base"
          >
            NaN
          </span>
          <span
            class="cursor-pointer mx-4 text-base"
          >
            NaN
          </span>
          <span
            class="cursor-pointer mx-4 text-base"
          >
            NaN
          </span>
          <span
            class="cursor-pointer mx-4 text-base"
          >
            NaN
          </span>
        </div>
         
        <button
          action="function () {
        /* istanbul ignore next */
        cov_19khyyxiw1.f[43]++;
        cov_19khyyxiw1.s[123]++;

        _vm.pageChangeHandle('next');
      }"
          class="text-base"
          suffix-icon="caret-right"
          text="$t('tableVue.next')"
        />
      </div>
    </div>
  </div>
</div>
`;

exports[`Table should update selected items 1`] = `
Set {
  "one_index",
}
`;

exports[`Table should update selected items 2`] = `Set {}`;
