// Vitest Snapshot v1

exports[`utils > urls > buildForm 1`] = `
[
  {
    "data_group": "caseInfo",
    "data_sensitivity": "orgSensitive",
    "field_key": "property_info",
    "field_parent_key": null,
    "help_t": "Voluptate assumenda aperiam.",
    "html_type": "checkbox",
    "if_selected_then_work_type": null,
    "invalidated_at": null,
    "is_read_only": false,
    "is_read_only_default": true,
    "is_required": true,
    "is_required_default": true,
    "label_t": "Transexual",
    "list_order": 15735,
    "order_label": 11443,
    "phase": 4,
    "placeholder_t": "voluptatum",
    "read_only_break_glass": false,
    "validation": "string",
    "values": null,
    "values_default_t": null,
  },
  {
    "data_group": "personalInfo",
    "data_sensitivity": "verySensitive",
    "field_key": "children_in_home",
    "field_parent_key": null,
    "help_t": null,
    "html_type": "textarea",
    "if_selected_then_work_type": null,
    "invalidated_at": null,
    "is_read_only": true,
    "is_read_only_default": true,
    "is_required": false,
    "is_required_default": true,
    "label_t": "Toyota",
    "list_order": 50933,
    "order_label": 2403,
    "phase": 4,
    "placeholder_t": null,
    "read_only_break_glass": false,
    "validation": "string",
    "values": null,
    "values_default_t": null,
  },
  {
    "data_group": "workInfo",
    "data_sensitivity": "public",
    "field_key": "first_responder",
    "field_parent_key": null,
    "help_t": null,
    "html_type": "text",
    "if_selected_then_work_type": null,
    "invalidated_at": null,
    "is_read_only": false,
    "is_read_only_default": true,
    "is_required": false,
    "is_required_default": true,
    "label_t": "solidly",
    "list_order": 63126,
    "order_label": 58735,
    "phase": 4,
    "placeholder_t": null,
    "read_only_break_glass": true,
    "validation": "string",
    "values": null,
    "values_default_t": null,
  },
  {
    "data_group": "personalInfo",
    "data_sensitivity": "sensitive",
    "field_key": "veteran",
    "field_parent_key": null,
    "help_t": null,
    "html_type": "checkbox",
    "if_selected_then_work_type": null,
    "invalidated_at": null,
    "is_read_only": false,
    "is_read_only_default": false,
    "is_required": true,
    "is_required_default": true,
    "label_t": "SMTP",
    "list_order": 10239,
    "order_label": 82197,
    "phase": 4,
    "placeholder_t": null,
    "read_only_break_glass": false,
    "validation": "string",
    "values": null,
    "values_default_t": null,
  },
  {
    "data_group": "personalInfo",
    "data_sensitivity": "public",
    "field_key": "primary_language",
    "field_parent_key": null,
    "help_t": null,
    "html_type": "textarea",
    "if_selected_then_work_type": null,
    "invalidated_at": null,
    "is_read_only": false,
    "is_read_only_default": true,
    "is_required": false,
    "is_required_default": false,
    "label_t": "whoa",
    "list_order": 71488,
    "order_label": 95193,
    "phase": 4,
    "placeholder_t": null,
    "read_only_break_glass": true,
    "validation": "string",
    "values": null,
    "values_default_t": null,
  },
  {
    "data_group": "personalInfo",
    "data_sensitivity": "orgSensitive",
    "field_key": "rebuild_details",
    "field_parent_key": null,
    "help_t": "Debitis dignissimos sint aliquam at fugit distinctio explicabo quis.",
    "html_type": "textarea",
    "if_selected_then_work_type": null,
    "invalidated_at": null,
    "is_read_only": true,
    "is_read_only_default": true,
    "is_required": true,
    "is_required_default": false,
    "label_t": "blue",
    "list_order": 11569,
    "order_label": 45334,
    "phase": 4,
    "placeholder_t": "molestias",
    "read_only_break_glass": false,
    "validation": "string",
    "values": null,
    "values_default_t": null,
  },
  {
    "data_group": "personalInfo",
    "data_sensitivity": "public",
    "field_key": "debris_status",
    "field_parent_key": null,
    "help_t": null,
    "html_type": "text",
    "if_selected_then_work_type": null,
    "invalidated_at": null,
    "is_read_only": false,
    "is_read_only_default": true,
    "is_required": false,
    "is_required_default": true,
    "label_t": "doloremque",
    "list_order": 27620,
    "order_label": 89249,
    "phase": 4,
    "placeholder_t": "modi",
    "read_only_break_glass": false,
    "validation": "string",
    "values": null,
    "values_default_t": null,
  },
  {
    "data_group": "caseInfo",
    "data_sensitivity": "public",
    "field_key": "prepared_by",
    "field_parent_key": null,
    "help_t": null,
    "html_type": "select",
    "if_selected_then_work_type": null,
    "invalidated_at": null,
    "is_read_only": true,
    "is_read_only_default": false,
    "is_required": true,
    "is_required_default": true,
    "label_t": "definition",
    "list_order": 8733,
    "order_label": 64093,
    "phase": 4,
    "placeholder_t": null,
    "read_only_break_glass": true,
    "validation": "string",
    "values": null,
    "values_default_t": null,
  },
  {
    "data_group": "personalInfo",
    "data_sensitivity": "sensitive",
    "field_key": "do_not_work_before",
    "field_parent_key": null,
    "help_t": "Sint iste tempore officia praesentium fuga.",
    "html_type": "select",
    "if_selected_then_work_type": null,
    "invalidated_at": null,
    "is_read_only": false,
    "is_read_only_default": true,
    "is_required": true,
    "is_required_default": true,
    "label_t": "brandish",
    "list_order": 36850,
    "order_label": 28211,
    "phase": 4,
    "placeholder_t": null,
    "read_only_break_glass": false,
    "validation": "string",
    "values": null,
    "values_default_t": null,
  },
  {
    "data_group": "workInfo",
    "data_sensitivity": "public",
    "field_key": "claim_status_report_info_end",
    "field_parent_key": null,
    "help_t": null,
    "html_type": "checkbox",
    "if_selected_then_work_type": null,
    "invalidated_at": null,
    "is_read_only": false,
    "is_read_only_default": false,
    "is_required": true,
    "is_required_default": true,
    "label_t": "Screen",
    "list_order": 84396,
    "order_label": 12177,
    "phase": 4,
    "placeholder_t": null,
    "read_only_break_glass": false,
    "validation": "string",
    "values": null,
    "values_default_t": null,
  },
]
`;

exports[`utils > urls > nest 1`] = `
[
  {
    "children": [],
    "field_key": "aa4",
    "field_parent_key": null,
    "id": 4,
    "name": "Abc4",
  },
  {
    "children": [],
    "field_key": "aa5",
    "field_parent_key": null,
    "id": 5,
    "name": "Abc5",
  },
  {
    "children": [],
    "field_key": "aa6",
    "field_parent_key": null,
    "id": 6,
    "name": "Abc6",
  },
]
`;

exports[`utils > urls > nest 2`] = `
[
  {
    "children": [],
    "field_key": "aa7",
    "field_parent_key": "a2",
    "id": 7,
    "name": "Abc7",
  },
  {
    "children": [],
    "field_key": "aa8",
    "field_parent_key": "a2",
    "id": 8,
    "name": "Abc8",
  },
]
`;

exports[`utils > urls > nest 3`] = `
[
  {
    "children": [],
    "field_key": "aa1",
    "field_parent_key": "a1",
    "id": 1,
    "name": "Abc1",
  },
  {
    "children": [],
    "field_key": "aa2",
    "field_parent_key": "a1",
    "id": 2,
    "name": "Abc2",
  },
  {
    "children": [],
    "field_key": "aa3",
    "field_parent_key": "a1",
    "id": 3,
    "name": "Abc3",
  },
]
`;

exports[`utils > urls > nestUsers 1`] = `
[
  {
    "accepted_terms": null,
    "accepted_terms_timestamp": null,
    "active_roles": [
      9,
    ],
    "children": [
      {
        "accepted_terms": null,
        "accepted_terms_timestamp": null,
        "active_roles": [
          4,
        ],
        "children": [
          {
            "accepted_terms": null,
            "accepted_terms_timestamp": null,
            "active_roles": [
              9,
            ],
            "children": [],
            "email": "Maybell.Bergstrom@yahoo.com",
            "files": [],
            "first_name": "Gisselle",
            "id": 4,
            "label": "Gisselle Zieme",
            "last_name": "Zieme",
            "last_sign_in_at": null,
            "lineage": [
              5,
              7,
              9,
              1,
            ],
            "mobile": "358-900-1920 x919",
            "organization": {
              "affiliates": [
                3,
                8,
              ],
              "all_affiliates_and_groups": [
                8,
                6,
                1,
                7,
                5,
                2,
                9,
                10,
                3,
              ],
              "id": 68407,
              "is_active": true,
              "name": "Casper Group",
              "roles": [
                3,
                10,
                9,
                5,
                4,
                1,
                7,
              ],
              "type_t": "orgType.survivor_client_services",
            },
            "pending_roles": [],
            "primary_language": 1,
            "referring_user": 3,
            "roles": [
              9,
            ],
            "secondary_language": null,
            "sign_in_count": 0,
            "social": null,
          },
        ],
        "email": "Javier.Kuhic50@yahoo.com",
        "files": [],
        "first_name": "Lura",
        "id": 3,
        "label": "Lura Beahan",
        "last_name": "Beahan",
        "last_sign_in_at": null,
        "lineage": [
          7,
          8,
        ],
        "mobile": "(454) 797-1608",
        "organization": {
          "affiliates": [
            9,
            6,
            3,
            7,
            5,
            10,
            8,
            2,
          ],
          "all_affiliates_and_groups": [
            7,
            6,
            4,
            9,
            1,
          ],
          "id": 87428,
          "is_active": false,
          "name": "McDermott - Jast",
          "roles": [
            4,
            2,
            10,
            5,
            3,
            6,
            1,
            9,
          ],
          "type_t": "orgType.survivor_client_services",
        },
        "pending_roles": [],
        "primary_language": 2,
        "referring_user": 2,
        "roles": [
          4,
        ],
        "secondary_language": null,
        "sign_in_count": 0,
        "social": null,
      },
    ],
    "email": "Kaden_Corkery@hotmail.com",
    "files": [],
    "first_name": "Cicero",
    "id": 2,
    "label": "Cicero Wolf",
    "last_name": "Wolf",
    "last_sign_in_at": null,
    "lineage": [
      7,
      2,
      6,
      10,
      1,
      9,
      4,
      8,
      5,
      3,
    ],
    "mobile": "907.368.9609 x263",
    "organization": {
      "affiliates": [
        6,
        1,
      ],
      "all_affiliates_and_groups": [
        2,
        7,
        10,
        4,
        5,
        3,
        9,
        6,
        8,
        1,
      ],
      "id": 28827,
      "is_active": false,
      "name": "Murazik and Sons",
      "roles": [
        3,
        10,
        9,
        1,
        7,
        6,
        2,
        5,
        4,
        8,
      ],
      "type_t": "orgType.survivor_client_services",
    },
    "pending_roles": [],
    "primary_language": 3,
    "referring_user": 1,
    "roles": [
      9,
    ],
    "secondary_language": null,
    "sign_in_count": 0,
    "social": null,
  },
]
`;
